2026-06-25 09:51:08 INFO  testCases.LoginTest - Lunching browswer
2026-06-25 09:51:11 INFO  testCases.LoginTest - Start admin panle login 
2026-06-25 09:51:11 INFO  testCases.LoginTest - Login completed 
2026-06-25 09:51:20 INFO  testCases.LoginTest - Test Excute perfectly  
2026-06-25 09:51:46 INFO  testCases.LoginTest - Cluster created: DemoUkPFe
2026-06-25 09:51:46 INFO  testCases.LoginTest - Test Excute perfectly  
2026-06-25 09:53:41 INFO  testCases.LoginTest - Lunching browswer
2026-06-25 09:53:43 INFO  testCases.LoginTest - Start admin panle login 
2026-06-25 09:53:44 INFO  testCases.LoginTest - Login completed 
2026-06-25 09:53:51 INFO  testCases.LoginTest - Test Excute perfectly  
2026-06-25 09:54:18 INFO  testCases.LoginTest - Cluster created: DemoXBJQo
2026-06-25 09:54:18 INFO  testCases.LoginTest - Test Excute perfectly  
2026-06-25 09:55:04 INFO  testCases.LoginTest - Venue created: DemoUDtaJ
2026-06-25 09:55:04 INFO  testCases.LoginTest - Test Excute perfectly  
2026-06-25 09:56:13 INFO  testCases.LoginTest - Lunching browswer
2026-06-25 09:56:15 INFO  testCases.LoginTest - Start admin panle login 
2026-06-25 09:56:16 INFO  testCases.LoginTest - Login completed 
2026-06-25 09:56:22 INFO  testCases.LoginTest - Test Excute perfectly  
2026-06-25 09:56:49 INFO  testCases.LoginTest - Cluster created: DemopKqXV
2026-06-25 09:56:49 INFO  testCases.LoginTest - Test Excute perfectly  
2026-06-25 09:57:36 INFO  testCases.LoginTest - Venue created: DemoNRRwm
2026-06-25 09:57:36 INFO  testCases.LoginTest - Test Excute perfectly  
2026-06-25 10:11:58 INFO  testCases.JharkhandVenue_loginTest - Lunching browswer
2026-06-25 10:12:00 INFO  testCases.JharkhandVenue_loginTest - Start admin panle login 
2026-06-25 10:12:00 INFO  testCases.JharkhandVenue_loginTest - Login completed 
2026-06-25 10:12:06 INFO  testCases.JharkhandVenue_loginTest - Test Excute perfectly  
2026-06-25 10:12:30 INFO  testCases.JharkhandVenue_loginTest - Cluster created: DemoJpLQp
2026-06-25 10:12:30 INFO  testCases.JharkhandVenue_loginTest - Test Excute perfectly  
2026-06-25 10:13:02 INFO  testCases.JharkhandVenue_loginTest - Venue created: DemovJojI
2026-06-25 10:13:02 INFO  testCases.JharkhandVenue_loginTest - Test Excute perfectly  
2026-06-25 10:13:48 INFO  testCases.JharkhandVenue_loginTest - Finally all Code rn successful
2026-06-25 10:14:12 INFO  testCases.JharkhandVenue_loginTest - module admin created successful
